------------------------------------------------------------
TimeQuest Timing Analyzer Summary
------------------------------------------------------------

Type  : Slow 1200mV 85C Model Setup 'PS2_KBDAT'
Slack : -3.146
TNS   : -50.802

Type  : Slow 1200mV 85C Model Setup 'CLOCK_50'
Slack : -2.078
TNS   : -23.575

Type  : Slow 1200mV 85C Model Hold 'PS2_KBDAT'
Slack : -3.425
TNS   : -54.443

Type  : Slow 1200mV 85C Model Hold 'CLOCK_50'
Slack : 0.110
TNS   : 0.000

Type  : Slow 1200mV 85C Model Minimum Pulse Width 'PS2_KBDAT'
Slack : -3.000
TNS   : -60.086

Type  : Slow 1200mV 85C Model Minimum Pulse Width 'CLOCK_50'
Slack : -3.000
TNS   : -26.000

Type  : Slow 1200mV 0C Model Setup 'PS2_KBDAT'
Slack : -2.801
TNS   : -44.068

Type  : Slow 1200mV 0C Model Setup 'CLOCK_50'
Slack : -1.787
TNS   : -19.623

Type  : Slow 1200mV 0C Model Hold 'PS2_KBDAT'
Slack : -2.979
TNS   : -46.910

Type  : Slow 1200mV 0C Model Hold 'CLOCK_50'
Slack : 0.090
TNS   : 0.000

Type  : Slow 1200mV 0C Model Minimum Pulse Width 'PS2_KBDAT'
Slack : -3.000
TNS   : -50.089

Type  : Slow 1200mV 0C Model Minimum Pulse Width 'CLOCK_50'
Slack : -3.000
TNS   : -26.000

Type  : Fast 1200mV 0C Model Setup 'CLOCK_50'
Slack : -1.404
TNS   : -12.349

Type  : Fast 1200mV 0C Model Setup 'PS2_KBDAT'
Slack : -1.119
TNS   : -13.172

Type  : Fast 1200mV 0C Model Hold 'PS2_KBDAT'
Slack : -2.307
TNS   : -37.688

Type  : Fast 1200mV 0C Model Hold 'CLOCK_50'
Slack : -0.066
TNS   : -0.387

Type  : Fast 1200mV 0C Model Minimum Pulse Width 'PS2_KBDAT'
Slack : -3.000
TNS   : -56.957

Type  : Fast 1200mV 0C Model Minimum Pulse Width 'CLOCK_50'
Slack : -3.000
TNS   : -30.377

------------------------------------------------------------
